Loading...
  523,125 rows; universe rows 153,392; folds [2021, 2022, 2023, 2024, 2025, 2026]

==============================================================================
et__control  (target=raw, winsor=True, seed=42)
==============================================================================
  [et__control fold 2021] chosen={'max_features': 0.33, 'min_samples_leaf': 100} val_ic=-0.0065 (range -0.0161..-0.0065) n_tr=46,835 4s
  [et__control fold 2022] chosen={'max_features': 0.33, 'min_samples_leaf': 100} val_ic=0.0401 (range 0.0332..0.0401) n_tr=59,211 5s
  [et__control fold 2023] chosen={'max_features': 'sqrt', 'min_samples_leaf': 100} val_ic=-0.0315 (range -0.0384..-0.0315) n_tr=71,366 6s
  [et__control fold 2024] chosen={'max_features': 'sqrt', 'min_samples_leaf': 1000} val_ic=0.0230 (range 0.0185..0.0230) n_tr=85,763 7s
  [et__control fold 2025] chosen={'max_features': 'sqrt', 'min_samples_leaf': 1000} val_ic=0.0288 (range 0.0227..0.0288) n_tr=99,605 9s
  [et__control fold 2026] chosen={'max_features': 0.33, 'min_samples_leaf': 1000} val_ic=0.0119 (range 0.0073..0.0119) n_tr=113,269 10s
  IC 0.0164 (t 1.10) D10-D1 -0.17%/m | lc_t10 IR gross -0.22 net -0.30 | beta -0.09 | 45s

==============================================================================
et__clf_expdec  (target=decile, winsor=False, seed=42)
==============================================================================
  [et__clf_expdec fold 2021] chosen={'max_features': 'sqrt', 'min_samples_leaf': 100, 'score': 'expdec'} val_ic=-0.0093 (range -0.0255..-0.0093) n_tr=46,835 4s
  [et__clf_expdec fold 2022] chosen={'max_features': 0.33, 'min_samples_leaf': 100, 'score': 'expdec'} val_ic=0.0325 (range 0.0177..0.0325) n_tr=59,211 6s
  [et__clf_expdec fold 2023] chosen={'max_features': 0.33, 'min_samples_leaf': 1000, 'score': 'expdec'} val_ic=0.0069 (range -0.0129..0.0069) n_tr=71,366 7s
  [et__clf_expdec fold 2024] chosen={'max_features': 0.33, 'min_samples_leaf': 1000, 'score': 'expdec'} val_ic=0.0390 (range 0.0331..0.0390) n_tr=85,763 8s
  [et__clf_expdec fold 2025] chosen={'max_features': 0.33, 'min_samples_leaf': 1000, 'score': 'expdec'} val_ic=0.0345 (range 0.0329..0.0345) n_tr=99,605 10s
  [et__clf_expdec fold 2026] chosen={'max_features': 'sqrt', 'min_samples_leaf': 1000, 'score': 'expdec'} val_ic=0.0168 (range 0.0130..0.0168) n_tr=113,269 12s
  IC 0.0244 (t 1.46) D10-D1 -0.13%/m | lc_t10 IR gross -0.35 net -0.43 | beta -0.06 | 51s

==============================================================================
et__clf_top_minus_bottom  (target=decile, winsor=False, seed=42)
==============================================================================
  [et__clf_top_minus_bottom fold 2021] chosen={'max_features': 'sqrt', 'min_samples_leaf': 100, 'score': 'top_minus_bottom'} val_ic=0.0037 (range -0.0160..0.0037) n_tr=46,835 4s
  [et__clf_top_minus_bottom fold 2022] chosen={'max_features': 'sqrt', 'min_samples_leaf': 100, 'score': 'top_minus_bottom'} val_ic=0.0361 (range 0.0227..0.0361) n_tr=59,211 6s
  [et__clf_top_minus_bottom fold 2023] chosen={'max_features': 0.33, 'min_samples_leaf': 1000, 'score': 'top_minus_bottom'} val_ic=0.0006 (range -0.0163..0.0006) n_tr=71,366 7s
  [et__clf_top_minus_bottom fold 2024] chosen={'max_features': 0.33, 'min_samples_leaf': 1000, 'score': 'top_minus_bottom'} val_ic=0.0393 (range 0.0303..0.0393) n_tr=85,763 8s
  [et__clf_top_minus_bottom fold 2025] chosen={'max_features': 'sqrt', 'min_samples_leaf': 1000, 'score': 'top_minus_bottom'} val_ic=0.0310 (range 0.0266..0.0310) n_tr=99,605 10s
  [et__clf_top_minus_bottom fold 2026] chosen={'max_features': 'sqrt', 'min_samples_leaf': 1000, 'score': 'top_minus_bottom'} val_ic=-0.0008 (range -0.0049..-0.0008) n_tr=113,269 12s
  IC 0.0111 (t 0.75) D10-D1 -0.44%/m | lc_t10 IR gross -0.50 net -0.58 | beta -0.22 | 51s

==============================================================================
et__clf_argmax  (target=decile, winsor=False, seed=42)
==============================================================================
  [et__clf_argmax fold 2021] chosen={'max_features': 'sqrt', 'min_samples_leaf': 100, 'score': 'argmax'} val_ic=0.0026 (range -0.0203..0.0026) n_tr=46,835 4s
  [et__clf_argmax fold 2022] chosen={'max_features': 'sqrt', 'min_samples_leaf': 100, 'score': 'argmax'} val_ic=0.0413 (range 0.0266..0.0413) n_tr=59,211 6s
  [et__clf_argmax fold 2023] chosen={'max_features': 0.33, 'min_samples_leaf': 1000, 'score': 'argmax'} val_ic=-0.0066 (range -0.0174..-0.0066) n_tr=71,366 7s
  [et__clf_argmax fold 2024] chosen={'max_features': 0.33, 'min_samples_leaf': 1000, 'score': 'argmax'} val_ic=0.0184 (range 0.0136..0.0184) n_tr=85,763 8s
  [et__clf_argmax fold 2025] chosen={'max_features': 0.33, 'min_samples_leaf': 1000, 'score': 'argmax'} val_ic=0.0280 (range 0.0224..0.0280) n_tr=99,605 10s
  [et__clf_argmax fold 2026] chosen={'max_features': 'sqrt', 'min_samples_leaf': 100, 'score': 'argmax'} val_ic=0.0208 (range 0.0118..0.0208) n_tr=113,269 12s
  IC 0.0147 (t 1.26) D10-D1 -0.26%/m | lc_t10 IR gross -0.48 net -0.58 | beta -0.09 | 51s

==============================================================================
lgbm__control  (target=raw, winsor=True, seed=42)
==============================================================================
  [lgbm__control fold 2021] chosen={'num_leaves': 7, 'min_child_samples': 500, 'n_trees': 300} val_ic=-0.0024 (range -0.0179..-0.0024) n_tr=46,835 1s
  [lgbm__control fold 2022] chosen={'num_leaves': 7, 'min_child_samples': 500, 'n_trees': 300} val_ic=0.0446 (range 0.0351..0.0446) n_tr=59,211 1s
  [lgbm__control fold 2023] chosen={'num_leaves': 7, 'min_child_samples': 500, 'n_trees': 200} val_ic=-0.0295 (range -0.0428..-0.0295) n_tr=71,366 1s
  [lgbm__control fold 2024] chosen={'num_leaves': 7, 'min_child_samples': 2000, 'n_trees': 100} val_ic=0.0199 (range 0.0167..0.0199) n_tr=85,763 1s
  [lgbm__control fold 2025] chosen={'num_leaves': 7, 'min_child_samples': 500, 'n_trees': 200} val_ic=0.0323 (range 0.0292..0.0323) n_tr=99,605 1s
  [lgbm__control fold 2026] chosen={'num_leaves': 7, 'min_child_samples': 2000, 'n_trees': 100} val_ic=0.0127 (range 0.0085..0.0127) n_tr=113,269 1s
  IC 0.0160 (t 1.04) D10-D1 -0.18%/m | lc_t10 IR gross -0.17 net -0.25 | beta -0.12 | 10s

==============================================================================
lgbm__clf_expdec  (target=decile, winsor=False, seed=42)
==============================================================================
  [lgbm__clf_expdec fold 2021] chosen={'num_leaves': 7, 'min_child_samples': 500, 'n_trees': 300, 'score': 'expdec'} val_ic=-0.0000 (range -0.0232..-0.0000) n_tr=46,835 7s
  [lgbm__clf_expdec fold 2022] chosen={'num_leaves': 7, 'min_child_samples': 500, 'n_trees': 300, 'score': 'expdec'} val_ic=0.0505 (range 0.0313..0.0505) n_tr=59,211 8s
  [lgbm__clf_expdec fold 2023] chosen={'num_leaves': 7, 'min_child_samples': 2000, 'n_trees': 100, 'score': 'expdec'} val_ic=-0.0020 (range -0.0229..-0.0020) n_tr=71,366 9s
  [lgbm__clf_expdec fold 2024] chosen={'num_leaves': 7, 'min_child_samples': 2000, 'n_trees': 100, 'score': 'expdec'} val_ic=0.0335 (range 0.0257..0.0335) n_tr=85,763 10s
  [lgbm__clf_expdec fold 2025] chosen={'num_leaves': 7, 'min_child_samples': 500, 'n_trees': 300, 'score': 'expdec'} val_ic=0.0406 (range 0.0360..0.0406) n_tr=99,605 12s
  [lgbm__clf_expdec fold 2026] chosen={'num_leaves': 7, 'min_child_samples': 2000, 'n_trees': 100, 'score': 'expdec'} val_ic=0.0155 (range 0.0137..0.0155) n_tr=113,269 12s
  IC 0.0212 (t 1.37) D10-D1 -0.25%/m | lc_t10 IR gross -0.32 net -0.40 | beta -0.07 | 62s

==============================================================================
lgbm__clf_top_minus_bottom  (target=decile, winsor=False, seed=42)
==============================================================================
  [lgbm__clf_top_minus_bottom fold 2021] chosen={'num_leaves': 7, 'min_child_samples': 500, 'n_trees': 300, 'score': 'top_minus_bottom'} val_ic=0.0183 (range -0.0133..0.0183) n_tr=46,835 8s
  [lgbm__clf_top_minus_bottom fold 2022] chosen={'num_leaves': 7, 'min_child_samples': 2000, 'n_trees': 300, 'score': 'top_minus_bottom'} val_ic=0.0492 (range 0.0277..0.0492) n_tr=59,211 9s
  [lgbm__clf_top_minus_bottom fold 2023] chosen={'num_leaves': 7, 'min_child_samples': 2000, 'n_trees': 100, 'score': 'top_minus_bottom'} val_ic=0.0011 (range -0.0292..0.0011) n_tr=71,366 9s
  [lgbm__clf_top_minus_bottom fold 2024] chosen={'num_leaves': 7, 'min_child_samples': 2000, 'n_trees': 100, 'score': 'top_minus_bottom'} val_ic=0.0334 (range 0.0230..0.0334) n_tr=85,763 9s
  [lgbm__clf_top_minus_bottom fold 2025] chosen={'num_leaves': 7, 'min_child_samples': 2000, 'n_trees': 100, 'score': 'top_minus_bottom'} val_ic=0.0339 (range 0.0241..0.0339) n_tr=99,605 12s
  [lgbm__clf_top_minus_bottom fold 2026] chosen={'num_leaves': 7, 'min_child_samples': 2000, 'n_trees': 100, 'score': 'top_minus_bottom'} val_ic=-0.0000 (range -0.0041..-0.0000) n_tr=113,269 12s
  IC 0.0059 (t 0.46) D10-D1 -0.62%/m | lc_t10 IR gross -0.45 net -0.54 | beta -0.14 | 64s

==============================================================================
lgbm__clf_argmax  (target=decile, winsor=False, seed=42)
==============================================================================
  [lgbm__clf_argmax fold 2021] chosen={'num_leaves': 7, 'min_child_samples': 500, 'n_trees': 300, 'score': 'argmax'} val_ic=0.0104 (range -0.0112..0.0104) n_tr=46,835 8s
  [lgbm__clf_argmax fold 2022] chosen={'num_leaves': 7, 'min_child_samples': 2000, 'n_trees': 300, 'score': 'argmax'} val_ic=0.0476 (range 0.0273..0.0476) n_tr=59,211 9s
  [lgbm__clf_argmax fold 2023] chosen={'num_leaves': 7, 'min_child_samples': 2000, 'n_trees': 100, 'score': 'argmax'} val_ic=0.0016 (range -0.0259..0.0016) n_tr=71,366 10s
  [lgbm__clf_argmax fold 2024] chosen={'num_leaves': 7, 'min_child_samples': 2000, 'n_trees': 100, 'score': 'argmax'} val_ic=0.0235 (range 0.0155..0.0235) n_tr=85,763 11s
  [lgbm__clf_argmax fold 2025] chosen={'num_leaves': 7, 'min_child_samples': 500, 'n_trees': 300, 'score': 'argmax'} val_ic=0.0303 (range 0.0217..0.0303) n_tr=99,605 12s
  [lgbm__clf_argmax fold 2026] chosen={'num_leaves': 7, 'min_child_samples': 2000, 'n_trees': 300, 'score': 'argmax'} val_ic=0.0130 (range 0.0079..0.0130) n_tr=113,269 12s
  IC 0.0143 (t 1.39) D10-D1 -0.34%/m | lc_t10 IR gross -0.20 net -0.29 | beta -0.07 | 66s

==============================================================================
SUMMARY
==============================================================================
                       key    ic     t  d10_d1  ir_gross_t10  ir_net_t10  ir_gross_free
               et__control 0.016 1.102  -0.170        -0.216      -0.302         -0.182
            et__clf_expdec 0.024 1.458  -0.125        -0.351      -0.430         -0.168
  et__clf_top_minus_bottom 0.011 0.752  -0.440        -0.495      -0.580         -0.346
            et__clf_argmax 0.015 1.261  -0.264        -0.483      -0.580         -0.318
             lgbm__control 0.016 1.044  -0.175        -0.167      -0.251         -0.264
          lgbm__clf_expdec 0.021 1.369  -0.253        -0.325      -0.404         -0.185
lgbm__clf_top_minus_bottom 0.006 0.456  -0.622        -0.451      -0.542         -0.386
          lgbm__clf_argmax 0.014 1.393  -0.335        -0.200      -0.293         -0.390

Paired monthly IC vs control (same model family):
model                  arm    ic  ic_control  mean_diff      t  ir_gross  ir_gross_control
   et           clf_expdec 0.024       0.016      0.008  1.039    -0.351            -0.216
   et clf_top_minus_bottom 0.011       0.016     -0.005 -0.801    -0.495            -0.216
   et           clf_argmax 0.015       0.016     -0.002 -0.244    -0.483            -0.216
 lgbm           clf_expdec 0.021       0.016      0.005  0.810    -0.325            -0.167
 lgbm clf_top_minus_bottom 0.006       0.016     -0.010 -1.244    -0.451            -0.167
 lgbm           clf_argmax 0.014       0.016     -0.002 -0.190    -0.200            -0.167

Adoption rules: {"clf_expdec": {"families_with_paired_t_ge_2": 0, "adopt_rule_A_two_families_t_ge_2": false, "adopt_rule_B_ic_ge_0.037_and_t_ge_2": false}, "clf_top_minus_bottom": {"families_with_paired_t_ge_2": 0, "adopt_rule_A_two_families_t_ge_2": false, "adopt_rule_B_ic_ge_0.037_and_t_ge_2": false}, "clf_argmax": {"families_with_paired_t_ge_2": 0, "adopt_rule_A_two_families_t_ge_2": false, "adopt_rule_B_ic_ge_0.037_and_t_ge_2": false}}
