Loading...
  523,125 rows; universe rows 153,392; test rows 268,733 (universe 82,026)
  [fold 2021] a=0.0158 (fitted 0.0158) val IC comp -0.0513 | et_resid chosen {'max_features': 0.33, 'min_samples_leaf': 100, 'shrink': 1.0} (-0.0065) | lgbm chosen n_trees=50 (-0.0138) | ridge lambda 100.0 (-0.0045) | orth blend val IC -0.0028 | 7s
  [fold 2022] a=0.0104 (fitted 0.0104) val IC comp -0.0019 | et_resid chosen {'max_features': 0.33, 'min_samples_leaf': 100, 'shrink': 1.0} (0.0391) | lgbm chosen n_trees=50 (0.0349) | ridge lambda 1000.0 (0.0372) | orth blend val IC 0.0345 | 11s
  [fold 2023] a=0.0050 (fitted -0.0004) val IC comp 0.0773 | et_resid chosen {'max_features': 'sqrt', 'min_samples_leaf': 100, 'shrink': 0.0} (0.0773) | lgbm chosen n_trees=0 (0.0773) | ridge lambda inf (0.0773) | orth blend val IC 0.0370 | 14s
  [fold 2024] a=0.0064 (fitted 0.0064) val IC comp 0.0418 | et_resid chosen {'max_features': 'sqrt', 'min_samples_leaf': 300, 'shrink': 0.25} (0.0420) | lgbm chosen n_trees=0 (0.0418) | ridge lambda inf (0.0418) | orth blend val IC 0.0344 | 18s
  [fold 2025] a=0.0113 (fitted 0.0113) val IC comp 0.0339 | et_resid chosen {'max_features': 'sqrt', 'min_samples_leaf': 1000, 'shrink': 1.0} (0.0399) | lgbm chosen n_trees=50 (0.0396) | ridge lambda 10000.0 (0.0369) | orth blend val IC 0.0385 | 22s
  [fold 2026] a=0.0088 (fitted 0.0088) val IC comp 0.0180 | et_resid chosen {'max_features': 'sqrt', 'min_samples_leaf': 100, 'shrink': 0.0} (0.0180) | lgbm chosen n_trees=0 (0.0180) | ridge lambda inf (0.0180) | orth blend val IC 0.0108 | 23s
  comp                 IC 0.0366 (t 1.91) | vs comp +0.0000 (paired t +nan) | residual IC +nan (t +nan) | corr w/ comp nan | IR gross +0.61 net +0.54
  lgbm_init            IC 0.0230 (t 1.34) | vs comp -0.0137 (paired t -1.55) | residual IC -0.0162 (t -0.88) | corr w/ comp 0.73 | IR gross +0.11 net +0.01
  lgbm_init_forced50   IC 0.0255 (t 1.78) | vs comp -0.0111 (paired t -0.67) | residual IC +0.0022 (t +0.17) | corr w/ comp 0.52 | IR gross -0.04 net -0.12
  et_resid             IC 0.0232 (t 1.36) | vs comp -0.0134 (paired t -1.38) | residual IC -0.0085 (t -0.54) | corr w/ comp 0.75 | IR gross +0.08 net -0.02
  et_resid_forced_s1   IC 0.0254 (t 1.70) | vs comp -0.0113 (paired t -0.70) | residual IC +0.0017 (t +0.12) | corr w/ comp 0.55 | IR gross +0.00 net -0.08
  ridge_prior          IC 0.0185 (t 1.08) | vs comp -0.0181 (paired t -1.75) | residual IC -0.0292 (t -1.41) | corr w/ comp 0.63 | IR gross -0.29 net -0.39
  orth_alone           IC 0.0005 (t 0.03) | vs comp -0.0361 (paired t -1.34) | residual IC +0.0005 (t +0.03) | corr w/ comp -0.07 | IR gross -0.86 net -0.93
  comp_plus_orth       IC 0.0261 (t 1.77) | vs comp -0.0106 (paired t -0.73) | residual IC +0.0005 (t +0.03) | corr w/ comp 0.64 | IR gross -0.31 net -0.39

==============================================================================
SUMMARY
==============================================================================
               arm     ic   ic_t  d_ic_vs_comp  paired_t_vs_comp  resid_ic_after_comp  resid_ic_t  rank_corr_with_comp  ic_small  ic_mid  ic_large  ir_gross  ir_net    beta  max_dd_net_pct  kill_ml_adds_lt_0.005_ic  kill_orth_resid_ic_lt_0.01
              comp 0.0366 1.9146        0.0000               NaN                  NaN         NaN                  NaN    0.0512  0.0359    0.0145    0.6148  0.5411 -0.0613        -18.9470                     False                       False
         lgbm_init 0.0230 1.3397       -0.0137           -1.5471              -0.0162     -0.8803               0.7323    0.0414  0.0240   -0.0064    0.1106  0.0146 -0.1664        -24.9316                      True                        True
lgbm_init_forced50 0.0255 1.7801       -0.0111           -0.6657               0.0022      0.1672               0.5199    0.0359  0.0223    0.0123   -0.0397 -0.1201 -0.1603        -29.3770                      True                        True
          et_resid 0.0232 1.3589       -0.0134           -1.3848              -0.0085     -0.5384               0.7475    0.0430  0.0194   -0.0048    0.0805 -0.0185 -0.1495        -24.8630                      True                        True
et_resid_forced_s1 0.0254 1.7048       -0.0113           -0.7043               0.0017      0.1189               0.5524    0.0382  0.0194    0.0102    0.0010 -0.0843 -0.1392        -29.6356                      True                        True
       ridge_prior 0.0185 1.0761       -0.0181           -1.7462              -0.0292     -1.4105               0.6314    0.0365  0.0178   -0.0112   -0.2935 -0.3859 -0.1392        -36.2679                      True                        True
        orth_alone 0.0005 0.0334       -0.0361           -1.3367               0.0005      0.0334              -0.0710    0.0089 -0.0108   -0.0053   -0.8638 -0.9296 -0.1506        -58.1123                      True                        True
    comp_plus_orth 0.0261 1.7744       -0.0106           -0.7306               0.0005      0.0334               0.6379    0.0406  0.0181    0.0121   -0.3098 -0.3901 -0.1314        -40.7300                      True                        True

validation choices per fold:
 test_year  et_resid_shrink  lgbm_n_trees  ridge_lambda  slope_a_used  slope_a_fitted
      2021             1.00            50         100.0      0.015783        0.015783
      2022             1.00            50        1000.0      0.010374        0.010374
      2023             0.00             0           inf      0.005000       -0.000417
      2024             0.25             0           inf      0.006439        0.006439
      2025             1.00            50       10000.0      0.011276        0.011276
      2026             0.00             0           inf      0.008786        0.008786

done in 2.5 min
