Loading...
  523,125 rows; universe rows 153,392; test rows 268,733 (universe 82,026)
30-bucket table: top bucket +0.87%/m, bottom bucket +0.11%/m, spread +0.76; D10-D1 +0.48; top-5 minus bottom-5 buckets +0.40
  [t10_w005    ] IR gross +0.59 net +0.50 | pos 402-433 | top10 share 3% | beta -0.05 roll [-0.49,+0.24] | maxDD -15% | relaxed 0
  [free_w005   ] IR gross +0.61 net +0.46 | pos 401-402 | top10 share 3% | beta -0.07 roll [-0.50,+0.26] | maxDD -20% | relaxed 0
  [t10_w010    ] IR gross +0.61 net +0.54 | pos 202-228 | top10 share 5% | beta -0.06 roll [-0.60,+0.32] | maxDD -19% | relaxed 0
  [free_w010   ] IR gross +0.57 net +0.43 | pos 201-202 | top10 share 5% | beta -0.12 roll [-0.68,+0.26] | maxDD -25% | relaxed 0
  [t10_w015    ] IR gross +0.76 net +0.70 | pos 139-159 | top10 share 8% | beta -0.10 roll [-0.68,+0.35] | maxDD -23% | relaxed 0
  [free_w015   ] IR gross +0.78 net +0.64 | pos 136-138 | top10 share 8% | beta -0.13 roll [-0.79,+0.20] | maxDD -26% | relaxed 0
  [t10_w020    ] IR gross +0.78 net +0.72 | pos 106-124 | top10 share 10% | beta -0.09 roll [-0.67,+0.38] | maxDD -32% | relaxed 0
  [free_w020   ] IR gross +0.89 net +0.77 | pos 103-105 | top10 share 10% | beta -0.18 roll [-0.93,+0.22] | maxDD -30% | relaxed 0
  [t10_w030    ] IR gross +0.81 net +0.75 | pos 72-93 | top10 share 15% | beta -0.09 roll [-0.70,+0.40] | maxDD -33% | relaxed 0
  [free_w030   ] IR gross +0.87 net +0.75 | pos 69-71 | top10 share 15% | beta -0.26 roll [-1.09,+0.21] | maxDD -41% | relaxed 0

==============================================================================
SUMMARY
==============================================================================
  variant  ir_gross  ir_net  d_ir_net_vs_w1pct  paired_net_t_vs_w1pct  min_n_positions  top10_share_gross  max_dd_net_pct   beta  months_cap_relaxed  valid_position_count_rule_ge100
 t10_w005     0.590   0.500             -0.041                 -1.055              402              0.025         -14.627 -0.046                   0                             True
free_w005     0.611   0.464              0.031                 -0.455              401              0.025         -19.515 -0.072                   0                             True
 t10_w010     0.615   0.541              0.000                    NaN              202              0.050         -18.947 -0.061                   0                             True
free_w010     0.572   0.433              0.000                    NaN              201              0.050         -24.883 -0.120                   0                             True
 t10_w015     0.761   0.697              0.155                  2.077              139              0.075         -23.130 -0.096                   0                             True
free_w015     0.778   0.644              0.211                  2.061              136              0.075         -26.395 -0.131                   0                             True
 t10_w020     0.783   0.724              0.183                  1.846              106              0.100         -31.620 -0.090                   0                             True
free_w020     0.895   0.767              0.334                  2.362              103              0.100         -30.450 -0.179                   0                             True
 t10_w030     0.811   0.754              0.213                  1.865               72              0.150         -32.874 -0.089                   0                            False
free_w030     0.866   0.752              0.319                  2.023               69              0.150         -41.450 -0.257                   0                            False

done in 0.6 min
