Loading...
  523,125 rows; universe rows 153,392; test rows 268,733 (universe 82,026)
BASELINE composite: IC 0.0366 (t 1.91); lc_t10 IR gross 0.615 / net 0.541   [published: {'comp_ic': 0.0366, 'comp_ir_gross': 0.61, 'comp_ir_net': 0.54}]
Truncation-invariance test: {"passed": true, "dates": ["2025-09-30", "2024-07-31"], "n_values_compared": 35675, "max_abs_diff_by_feature": {"decayed_hl3": 0.0, "decayed_hl6": 0.0, "decayed_hl12": 0.0, "count_12m": 0.0, "count_3m": 0.0}}
  m502_decayed_hl3             block IC +0.0101 (t +2.37) | comp 0.0366 -> 0.0368 gain +0.0001 (paired t +0.06) | resid IC +0.0062 (t +1.37) | perm p 0.030 | IR gross 0.91 net 0.83
  m502_decayed_hl6             block IC +0.0125 (t +2.87) | comp 0.0366 -> 0.0377 gain +0.0010 (paired t +0.47) | resid IC +0.0084 (t +1.78) | perm p 0.010 | IR gross 0.92 net 0.84
  m502_decayed_hl12            block IC +0.0125 (t +2.74) | comp 0.0366 -> 0.0379 gain +0.0012 (paired t +0.55) | resid IC +0.0084 (t +1.66) | perm p 0.010 | IR gross 0.96 net 0.88
  m502_count_12m               block IC +0.0117 (t +2.82) | comp 0.0366 -> 0.0376 gain +0.0010 (paired t +0.49) | resid IC +0.0061 (t +1.22) | perm p 0.015 | IR gross 0.66 net 0.58
  m502_count_3m                block IC +0.0061 (t +1.43) | comp 0.0366 -> 0.0356 gain -0.0011 (paired t -0.60) | resid IC -0.0086 (t -1.01) | perm p 0.308 | IR gross 0.76 net 0.68
  m502_decayed_hl6_orth_size_liq_age block IC +0.0114 (t +2.84) | comp 0.0366 -> 0.0379 gain +0.0013 (paired t +0.61) | resid IC +0.0097 (t +2.30) | perm p 0.005 | IR gross 0.94 net 0.86
  m502_decayed_hl6_orth_size_only block IC +0.0133 (t +3.00) | comp 0.0366 -> 0.0379 gain +0.0012 (paired t +0.56) | resid IC +0.0092 (t +1.98) | perm p 0.005 | IR gross 0.96 net 0.88
  comp_plus_1x_m502_hl6        IC 0.0377 (t 2.14) vs comp 0.0366: paired +0.0010 (t +0.47) | IR gross 0.92 net 0.84
  comp_plus_2x_m502_hl6        IC 0.0367 (t 2.42) vs comp 0.0366: paired +0.0000 (t +0.01) | IR gross 0.84 net 0.75
  comp_plus_4x_m502_hl6        IC 0.0315 (t 2.84) vs comp 0.0366: paired -0.0051 (t -0.55) | IR gross 0.71 net 0.61

==============================================================================
SUMMARY (7 blocks tested; Bonferroni factor 7)
==============================================================================
                              name                  kind    sign  coverage  block_ic  block_ic_t  comp_ic  comp_plus_block_ic    gain  gain_t  resid_ic  resid_ic_t  corr_with_comp  perm_p  gain_small  gain_mid  gain_large  ir_gross  ir_net  d_ir_gross kill_gain_t_lt_1 kill_only_small_tercile  perm_p_bonferroni passes
                  m502_decayed_hl3                 block -1.0000    0.9439    0.0101      2.3740   0.0366              0.0368  0.0001  0.0567    0.0062      1.3735          0.0780  0.0299      0.0007    0.0015      0.0009    0.9131  0.8349      0.2984             True                   False             0.2090  False
                  m502_decayed_hl6                 block -1.0000    0.9439    0.0125      2.8695   0.0366              0.0377  0.0010  0.4750    0.0084      1.7824          0.0893  0.0100      0.0023    0.0022      0.0015    0.9152  0.8350      0.3004             True                   False             0.0697  False
                 m502_decayed_hl12                 block -1.0000    0.9439    0.0125      2.7404   0.0366              0.0379  0.0012  0.5543    0.0084      1.6603          0.0909  0.0100      0.0028    0.0023      0.0016    0.9618  0.8790      0.3470             True                   False             0.0697  False
                    m502_count_12m                 block -1.0000    0.9439    0.0117      2.8189   0.0366              0.0376  0.0010  0.4862    0.0061      1.2247          0.0876  0.0149      0.0026    0.0022      0.0010    0.6603  0.5810      0.0456             True                   False             0.1045  False
                     m502_count_3m                 block -1.0000    0.9439    0.0061      1.4259   0.0366              0.0356 -0.0011 -0.5956   -0.0086     -1.0113          0.0529  0.3085     -0.0016   -0.0003      0.0002    0.7551  0.6792      0.1403             True                   False             1.0000  False
m502_decayed_hl6_orth_size_liq_age                 block -1.0000    1.0000    0.0114      2.8425   0.0366              0.0379  0.0013  0.6058    0.0097      2.2953          0.0439  0.0050      0.0022    0.0027      0.0016    0.9435  0.8631      0.3288             True                   False             0.0348  False
   m502_decayed_hl6_orth_size_only                 block -1.0000    1.0000    0.0133      3.0036   0.0366              0.0379  0.0012  0.5556    0.0092      1.9819          0.0954  0.0050      0.0024    0.0022      0.0017    0.9588  0.8779      0.3440             True                   False             0.0348  False
             comp_plus_1x_m502_hl6 replacement_composite     NaN       NaN    0.0377      2.1400   0.0366              0.0377  0.0010  0.4750       NaN         NaN          0.9242     NaN      0.0023    0.0022      0.0015    0.9152  0.8350      0.3004              NaN                     NaN                NaN    NaN
             comp_plus_2x_m502_hl6 replacement_composite     NaN       NaN    0.0367      2.4178   0.0366              0.0367  0.0000  0.0095       NaN         NaN          0.7842     NaN      0.0013    0.0011      0.0031    0.8370  0.7499      0.2223              NaN                     NaN                NaN    NaN
             comp_plus_4x_m502_hl6 replacement_composite     NaN       NaN    0.0315      2.8368   0.0366              0.0315 -0.0051 -0.5486       NaN         NaN          0.5613     NaN     -0.0056   -0.0034      0.0027    0.7119  0.6103      0.0971              NaN                     NaN                NaN    NaN

done in 2.4 min
