Loading...
  523,125 rows; universe rows 153,392; test rows 268,733 (universe 82,026)
  [fold 2021] a=0.016 val IC comp -0.0513 | et_resid chosen {'max_features': 0.33, 'min_samples_leaf': 100, 'shrink': 1.0} (-0.0065) | lgbm chosen n_trees=50 (-0.0138) | ridge lambda 100.0 (-0.0045) | orth blend val IC -0.0028 | 5s
  [fold 2022] a=0.010 val IC comp -0.0019 | et_resid chosen {'max_features': 0.33, 'min_samples_leaf': 100, 'shrink': 1.0} (0.0391) | lgbm chosen n_trees=50 (0.0349) | ridge lambda 1000.0 (0.0372) | orth blend val IC 0.0345 | 8s
  [fold 2023] a=-0.000 val IC comp 0.0773 | et_resid chosen {'max_features': 'sqrt', 'min_samples_leaf': 100, 'shrink': 1.0} (-0.0456) | lgbm chosen n_trees=25 (-0.0464) | ridge lambda 1000.0 (-0.0469) | orth blend val IC 0.0368 | 10s
  [fold 2024] a=0.006 val IC comp 0.0418 | et_resid chosen {'max_features': 'sqrt', 'min_samples_leaf': 300, 'shrink': 0.25} (0.0420) | lgbm chosen n_trees=0 (0.0418) | ridge lambda inf (0.0418) | orth blend val IC 0.0344 | 13s
  [fold 2025] a=0.011 val IC comp 0.0339 | et_resid chosen {'max_features': 'sqrt', 'min_samples_leaf': 1000, 'shrink': 1.0} (0.0399) | lgbm chosen n_trees=50 (0.0396) | ridge lambda 10000.0 (0.0369) | orth blend val IC 0.0385 | 16s
  [fold 2026] a=0.009 val IC comp 0.0180 | et_resid chosen {'max_features': 'sqrt', 'min_samples_leaf': 100, 'shrink': 0.0} (0.0180) | lgbm chosen n_trees=0 (0.0180) | ridge lambda inf (0.0180) | orth blend val IC 0.0108 | 18s
  comp                 IC 0.0366 (t 1.91) | vs comp +0.0000 (paired t +nan) | residual IC +nan (t +nan) | corr w/ comp nan | IR gross +0.61 net +0.54
  lgbm_init            IC 0.0296 (t 1.88) | vs comp -0.0071 (paired t -0.46) | residual IC -0.0022 (t -0.13) | corr w/ comp 0.50 | IR gross -0.12 net -0.21
  lgbm_init_forced50   IC 0.0254 (t 1.75) | vs comp -0.0113 (paired t -0.63) | residual IC +0.0020 (t +0.15) | corr w/ comp 0.48 | IR gross -0.03 net -0.12
  et_resid             IC 0.0290 (t 1.84) | vs comp -0.0076 (paired t -0.45) | residual IC +0.0006 (t +0.04) | corr w/ comp 0.56 | IR gross -0.20 net -0.29
  et_resid_forced_s1   IC 0.0266 (t 1.81) | vs comp -0.0100 (paired t -0.55) | residual IC +0.0026 (t +0.19) | corr w/ comp 0.50 | IR gross -0.15 net -0.23
  ridge_prior          IC 0.0217 (t 1.36) | vs comp -0.0149 (paired t -0.93) | residual IC -0.0149 (t -0.79) | corr w/ comp 0.45 | IR gross -0.54 net -0.64
  orth_alone           IC -0.0004 (t -0.03) | vs comp -0.0371 (paired t -1.37) | residual IC -0.0004 (t -0.03) | corr w/ comp -0.07 | IR gross -0.86 net -0.92
  comp_plus_orth       IC 0.0256 (t 1.70) | vs comp -0.0111 (paired t -0.76) | residual IC -0.0004 (t -0.03) | corr w/ comp 0.64 | IR gross -0.34 net -0.42

==============================================================================
SUMMARY
==============================================================================
               arm      ic    ic_t  d_ic_vs_comp  paired_t_vs_comp  resid_ic_after_comp  resid_ic_t  rank_corr_with_comp  ic_small  ic_mid  ic_large  ir_gross  ir_net    beta  max_dd_net_pct  kill_ml_adds_lt_0.005_ic  kill_orth_resid_ic_lt_0.01
              comp  0.0366  1.9146        0.0000               NaN                  NaN         NaN                  NaN    0.0512  0.0359    0.0145    0.6148  0.5411 -0.0613        -18.9470                     False                       False
         lgbm_init  0.0296  1.8752       -0.0071           -0.4567              -0.0022     -0.1255               0.4959    0.0394  0.0307    0.0132   -0.1152 -0.2083 -0.1371        -25.6134                      True                        True
lgbm_init_forced50  0.0254  1.7495       -0.0113           -0.6332               0.0020      0.1477               0.4843    0.0333  0.0239    0.0146   -0.0334 -0.1166 -0.1565        -27.6137                      True                        True
          et_resid  0.0290  1.8371       -0.0076           -0.4538               0.0006      0.0418               0.5550    0.0376  0.0266    0.0157   -0.1969 -0.2903 -0.1242        -27.5618                      True                        True
et_resid_forced_s1  0.0266  1.8139       -0.0100           -0.5539               0.0026      0.1874               0.4973    0.0358  0.0217    0.0153   -0.1490 -0.2343 -0.1159        -32.0282                      True                        True
       ridge_prior  0.0217  1.3559       -0.0149           -0.9336              -0.0149     -0.7911               0.4489    0.0318  0.0209    0.0049   -0.5435 -0.6361 -0.1049        -38.4175                      True                        True
        orth_alone -0.0004 -0.0295       -0.0371           -1.3714              -0.0004     -0.0295              -0.0735    0.0084 -0.0120   -0.0057   -0.8578 -0.9238 -0.1399        -57.8081                      True                        True
    comp_plus_orth  0.0256  1.7004       -0.0111           -0.7649              -0.0004     -0.0295               0.6374    0.0405  0.0172    0.0118   -0.3432 -0.4241 -0.1191        -40.6695                      True                        True

validation choices per fold:
 test_year  et_resid_shrink  lgbm_n_trees  ridge_lambda   slope_a
      2021             1.00            50         100.0  0.015783
      2022             1.00            50        1000.0  0.010374
      2023             1.00            25        1000.0 -0.000417
      2024             0.25             0           inf  0.006439
      2025             1.00            50       10000.0  0.011276
      2026             0.00             0           inf  0.008786

done in 1.8 min
